HI-TECH Software C Compiler 

Linker command line:

--edf=C:\Program Files (x86)\HI-TECH Software\PICC\9.82\dat\en_msgs.txt -cs \
  -h+dist/default/production\lcd.X.production.sym -z -Q16F877A -ol.obj \
  -Mdist/default/production/lcd.X.production.map -E1 -ACONST=00h-0FFhx32 \
  -ACODE=00h-07FFhx4 -ASTRCODE=00h-01FFFh -AENTRY=00h-0FFhx32 \
  -ASTRING=00h-0FFhx32 -ABANK0=020h-06Fh -ABANK1=0A0h-0EFh \
  -ABANK2=0110h-016Fh -ABANK3=0190h-01EFh \
  -ARAM=020h-06Fh,0A0h-0EFh,0110h-016Fh,0190h-01EFh \
  -AABS1=020h-07Fh,0A0h-0EFh,0110h-016Fh,0190h-01EFh -ACOMMON=070h-07Fh \
  -ASFR0=00h-01Fh -ASFR1=080h-09Fh -ASFR2=0100h-010Fh -ASFR3=0180h-018Fh \
  -preset_vec=00h,intentry,init,end_init -ppowerup=CODE -pfunctab=CODE \
  -ACONFIG=02007h-02007h -pconfig=CONFIG -DCONFIG=2 -AIDLOC=02000h-02003h \
  -pidloc=IDLOC -DIDLOC=2 -AEEDATA=00h-0FFh/02100h -peeprom_data=EEDATA \
  -DEEDATA=2 -DCODE=2 -DSTRCODE=2 -DSTRING=2 -DCONST=2 -DENTRY=2 -k \
  C:\Users\Admin\AppData\Local\Temp\sge8.obj \
  dist/default/production\lcd.X.production.obj 

Object code version is 3.10

Machine type is 16F877A



                Name                               Link     Load   Length Selector   Space Scale
C:\Users\Admin\AppData\Local\Temp\sge8.obj
                end_init                              0        0        3        0       0
dist/default/production\lcd.X.production.obj
                text111                             735      735       1E      E6A       0
                text110                             713      713       11      E26       0
                text109                             724      724       11      E48       0
                text108                             774      774       25      EE8       0
                text107                             753      753       21      EA6       0
                maintext                            799      799       67      F32       0
                cstackCOMMON                         70       70        7       70       1
                cinit                               70F      70F        4      E1E       0
                strings                               3        3       1F        6       0

TOTAL           Name                               Link     Load   Length     Space
        CLASS   CONST          

        CLASS   CODE           
                end_init                              0        0        3         0
                text111                             735      735       1E         0
                text110                             713      713       11         0
                text109                             724      724       11         0
                text108                             774      774       25         0
                text107                             753      753       21         0
                maintext                            799      799       67         0
                cinit                               70F      70F        4         0

        CLASS   STRCODE        

        CLASS   ENTRY          

        CLASS   STRING         
                strings                               3        3       1F         0

        CLASS   BANK0          

        CLASS   BANK1          

        CLASS   BANK2          

        CLASS   BANK3          

        CLASS   RAM            

        CLASS   ABS1           
                abs_s1                               7E       7E        2         1

        CLASS   COMMON         
                cstackCOMMON                         70       70        7         1

        CLASS   SFR0           

        CLASS   SFR1           

        CLASS   SFR2           

        CLASS   SFR3           

        CLASS   CONFIG         

        CLASS   IDLOC          

        CLASS   EEDATA         



SEGMENTS        Name                           Load    Length   Top    Selector   Space  Class     Delta

                reset_vec                      000000  000003  000003         0       0  CODE        2
                strings                        000003  00001F  000022         6       0  STRING      2
                cstackCOMMON                   000070  000007  000077        70       1  COMMON      1
                cinit                          00070F  000004  000713       E1E       0  CODE        2
                text110                        000713  000011  000724       E26       0  CODE        2
                text109                        000724  000011  000735       E48       0  CODE        2
                text111                        000735  00001E  000753       E6A       0  CODE        2
                text107                        000753  000021  000774       EA6       0  CODE        2
                text108                        000774  000025  000799       EE8       0  CODE        2
                maintext                       000799  000067  000800       F32       0  CODE        2


UNUSED ADDRESS RANGES

        Name                Unused          Largest block    Delta
        BANK0            0020-006F             50           1
        BANK1            00A0-00EF             50           1
        BANK2            0110-016F             60           1
        BANK3            0190-01EF             60           1
        CODE             0022-070E            6ED           2
                         0800-1FFF            800
        COMMON           0077-007D              7           1
        CONFIG           2007-2007              1           2
        CONST            0022-070E            100           2
                         0800-1FFF            100
        EEDATA           2100-21FF            100           2
        ENTRY            0022-070E            100           2
                         0800-1FFF            100
        IDLOC            2000-2003              4           2
        RAM              0020-006F             50           1
                         00A0-00EF             50
                         0110-016F             60
                         0190-01EF             60
        SFR0             0000-001F             20           1
        SFR1             0080-009F             20           1
        SFR2             0100-010F             10           1
        SFR3             0180-018F             10           1
        STRCODE          0022-070E            6ED           2
                         0800-1FFF           1800
        STRING           0022-070E            100           2
                         0800-1FFF            100

                                  Symbol Table

??_cmd                cstackCOMMON 0072
??_dat                cstackCOMMON 0072
??_lcd_delay          cstackCOMMON 0070
??_lcd_init           cstackCOMMON 0073
??_main               cstackCOMMON 0075
??_show               cstackCOMMON 0073
?_cmd                 cstackCOMMON 0070
?_dat                 cstackCOMMON 0070
?_lcd_delay           cstackCOMMON 0070
?_lcd_init            cstackCOMMON 0070
?_main                cstackCOMMON 0070
?_show                cstackCOMMON 0070
_CARRY                (abs)        0018
_EEADR                (abs)        010D
_EECON1               (abs)        018C
_EECON2               (abs)        018D
_EEDATA               (abs)        010C
_GIE                  (abs)        005F
_PORTB                (abs)        0006
_RC0                  (abs)        0038
_RC1                  (abs)        0039
_RC2                  (abs)        003A
_RD                   (abs)        0C60
_TRISB                (abs)        0086
_TRISC                (abs)        0087
_WR                   (abs)        0C61
_WREN                 (abs)        0C62
__Habs1               abs1         0000
__Hbank0              bank0        0000
__Hbank1              bank1        0000
__Hbank2              bank2        0000
__Hbank3              bank3        0000
__Hcinit              cinit        0000
__Hclrtext            clrtext      0000
__Hcode               code         0000
__Hcommon             common       0000
__Hconfig             config       0000
__HcstackCOMMON       cstackCOMMON 0000
__Heeprom_data        eeprom_data  0000
__Hend_init           end_init     0003
__Hfunctab            functab      0000
__Hidloc              idloc        0000
__Hinit               init         0000
__Hintentry           intentry     0000
__Hmaintext           maintext     0000
__Hpowerup            powerup      0000
__Hram                ram          0000
__Hreset_vec          reset_vec    0000
__Hsfr0               sfr0         0000
__Hsfr1               sfr1         0000
__Hsfr2               sfr2         0000
__Hsfr3               sfr3         0000
__Hstrings            strings      0000
__Htext               text         0000
__Labs1               abs1         0000
__Lbank0              bank0        0000
__Lbank1              bank1        0000
__Lbank2              bank2        0000
__Lbank3              bank3        0000
__Lcinit              cinit        0000
__Lclrtext            clrtext      0000
__Lcode               code         0000
__Lcommon             common       0000
__Lconfig             config       0000
__LcstackCOMMON       cstackCOMMON 0000
__Leeprom_data        eeprom_data  0000
__Lend_init           end_init     0000
__Lfunctab            functab      0000
__Lidloc              idloc        0000
__Linit               init         0000
__Lintentry           intentry     0000
__Lmaintext           maintext     0000
__Lpowerup            powerup      0000
__Lram                ram          0000
__Lreset_vec          reset_vec    0000
__Lsfr0               sfr0         0000
__Lsfr1               sfr1         0000
__Lsfr2               sfr2         0000
__Lsfr3               sfr3         0000
__Lstrings            strings      0000
__Ltext               text         0000
__S0                  (abs)        0800
__S1                  (abs)        0077
__S2                  (abs)        0000
__end_of_cmd          text110      0724
__end_of_dat          text109      0735
__end_of_lcd_delay    text111      0753
__end_of_lcd_init     text108      0799
__end_of_main         maintext     0800
__end_of_show         text107      0774
__pcstackCOMMON       cstackCOMMON 0070
__pmaintext           maintext     0799
__pstrings            strings      0003
__ptext106            text106      0000
__ptext107            text107      0753
__ptext108            text108      0774
__ptext109            text109      0724
__ptext110            text110      0713
__ptext111            text111      0735
__ptext112            text112      0000
__size_of_cmd         (abs)        0000
__size_of_dat         (abs)        0000
__size_of_lcd_delay   (abs)        0000
__size_of_lcd_init    (abs)        0000
__size_of_main        (abs)        0000
__size_of_show        (abs)        0000
_cmd                  text110      0713
_dat                  text109      0724
_exit                 init         0000
_lcd_delay            text111      0735
_lcd_init             text108      0774
_main                 maintext     0799
_show                 text107      0753
btemp                 (abs)        007E
cmd@a                 cstackCOMMON 0072
dat@b                 cstackCOMMON 0072
end_of_initialization cinit        070F
intlevel0             functab      0000
intlevel1             functab      0000
intlevel2             functab      0000
intlevel3             functab      0000
intlevel4             functab      0000
intlevel5             functab      0000
lcd_delay@lcd_delay   cstackCOMMON 0070
main@j                cstackCOMMON 0075
reset_vec             reset_vec    0000
show@s                cstackCOMMON 0074
start                 init         0000
start_initialization  cinit        070F
wtemp0                (abs)        007E
